   0    0 lebedev_011
   0    1 lebedev_023
   0    2 lebedev_023
   0    3 lebedev_027
   0    4 lebedev_013
   0    5 lebedev_011
   0    6 lebedev_011
   0    7 lebedev_011
   1    0 lebedev_011
   1    1 lebedev_011
   1    2 lebedev_011
   1    3 lebedev_011
   1    4 lebedev_011
   1    5 lebedev_011
   1    6 lebedev_011
   1    7 lebedev_011
   2    0 lebedev_011
   2    1 lebedev_011
   2    2 lebedev_011
   2    3 lebedev_011
   2    4 lebedev_011
   2    5 lebedev_011
   2    6 lebedev_011
   2    7 lebedev_011
   3    0 lebedev_011
   3    1 lebedev_011
   3    2 lebedev_011
   3    3 lebedev_011
   3    4 lebedev_011
   3    5 lebedev_011
   3    6 lebedev_011
   3    7 lebedev_011
   4    0 lebedev_011
   4    1 lebedev_011
   4    2 lebedev_011
   4    3 lebedev_011
   4    4 lebedev_011
   4    5 lebedev_011
   4    6 lebedev_011
   4    7 lebedev_011
